// Jest Snapshot v1, https://goo.gl/fbAQLP

exports[`DocumentTable renders properly 1`] = `
<div>
  <withStore(Table)
    align="left"
    columns={
      Array [
        Object {
          "dataIndex": "document_name",
          "render": [Function],
          "title": "File name",
        },
        Object {
          "dataIndex": "variance_document_category_code",
          "render": [Function],
          "title": "Category",
        },
        Object {
          "dataIndex": "created_at",
          "render": [Function],
          "title": "Upload date",
        },
      ]
    }
    dataSource={Array []}
    locale={
      Object {
        "emptyText": "This variance does not contain any documents.",
      }
    }
    pagination={false}
    rowKey={[Function]}
  />
</div>
`;
